#-----------------------------------------------------------
# Vivado v2017.2 (64-bit)
# SW Build 1909853 on Thu Jun 15 18:39:09 MDT 2017
# IP Build 1909766 on Thu Jun 15 19:58:00 MDT 2017
# Start of session at: Wed Mar  7 14:38:59 2018
# Process ID: 2312
# Current directory: C:/Users/leexu/Desktop/Lab02 Part2/multi_tb
# Command line: vivado.exe -gui_launcher_event rodinguilauncherevent11772 C:\Users\leexu\Desktop\Lab02 Part2\multi_tb\multi_tb.xpr
# Log file: C:/Users/leexu/Desktop/Lab02 Part2/multi_tb/vivado.log
# Journal file: C:/Users/leexu/Desktop/Lab02 Part2/multi_tb\vivado.jou
#-----------------------------------------------------------
start_gui
open_project {C:/Users/leexu/Desktop/Lab02 Part2/multi_tb/multi_tb.xpr}
update_compile_order -fileset sources_1
add_files -norecurse {{C:/Users/leexu/Desktop/Lab02 Part2/shiftp.v}}
update_compile_order -fileset sources_1
remove_files  {{C:/Users/leexu/Desktop/Lab02 Part2/shiftp.v}}
add_files -norecurse {{C:/Users/leexu/Desktop/Lab02 Part2/Lab02 Part2.srcs/sources_1/new/shiftp.v}}
update_compile_order -fileset sources_1
reset_run synth_1
launch_runs synth_1 -jobs 4
wait_on_run synth_1
reset_run synth_1
launch_runs synth_1 -jobs 4
wait_on_run synth_1
launch_simulation
source multi_tb.tcl
close_sim
launch_simulation
source multi_tb.tcl
close_sim
launch_simulation
source multi_tb.tcl
close_sim
launch_simulation
source multi_tb.tcl
close_sim
launch_simulation
source multi_tb.tcl
close_sim
launch_simulation
source multi_tb.tcl
reset_run synth_1
launch_runs synth_1 -jobs 4
wait_on_run synth_1
close_sim
launch_simulation
source multi_tb.tcl
close_sim
launch_simulation
source multi_tb.tcl
close_sim
launch_simulation
source multi_tb.tcl
close_sim
launch_simulation
source multi_tb.tcl
close_sim
launch_simulation
source multi_tb.tcl
close_sim
launch_simulation
source multi_tb.tcl
close_sim
launch_simulation
source multi_tb.tcl
close_sim
launch_simulation
source multi_tb.tcl
close_sim
launch_simulation
source multi_tb.tcl
close_sim
launch_simulation
source multi_tb.tcl
close_sim
launch_simulation
source multi_tb.tcl
close_sim
launch_simulation
source multi_tb.tcl
close_sim
launch_simulation
launch_simulation
launch_simulation
launch_simulation
reset_run synth_1
launch_runs synth_1 -jobs 4
wait_on_run synth_1
launch_runs impl_1 -jobs 4
wait_on_run impl_1
launch_simulation
source multi_tb.tcl
close_sim
launch_simulation
source multi_tb.tcl
close_sim
launch_simulation
source multi_tb.tcl
close_sim
launch_simulation
source multi_tb.tcl
close_sim
launch_simulation
reset_run synth_1
launch_runs synth_1 -jobs 4
wait_on_run synth_1
launch_simulation
launch_simulation
reset_run synth_1
launch_runs synth_1 -jobs 4
wait_on_run synth_1
launch_simulation
launch_simulation
reset_run synth_1
launch_runs synth_1 -jobs 4
wait_on_run synth_1
launch_simulation
source multi_tb.tcl
close_sim
launch_simulation
reset_run synth_1
launch_runs synth_1 -jobs 4
wait_on_run synth_1
launch_simulation
source multi_tb.tcl
close_sim
launch_simulation
source multi_tb.tcl
close_sim
launch_simulation
source multi_tb.tcl
close_sim
launch_simulation
source multi_tb.tcl
close_sim
launch_simulation
source multi_tb.tcl
close_sim
launch_simulation
source multi_tb.tcl
close_sim
launch_simulation
source multi_tb.tcl
close_sim
launch_simulation
source multi_tb.tcl
close_sim
launch_simulation
source multi_tb.tcl
close_sim
launch_simulation
source multi_tb.tcl
close_sim
launch_simulation
source multi_tb.tcl
close_sim
launch_simulation
source multi_tb.tcl
close_sim
launch_simulation
source multi_tb.tcl
close_sim
launch_simulation
source multi_tb.tcl
close_sim
launch_simulation
source multi_tb.tcl
close_sim
launch_simulation
source multi_tb.tcl
close_sim
launch_simulation
source multi_tb.tcl
close_sim
launch_simulation
source multi_tb.tcl
close_sim
launch_simulation
source multi_tb.tcl
close_sim
launch_simulation
source multi_tb.tcl
close_sim
launch_simulation
source multi_tb.tcl
close_sim
launch_simulation
source multi_tb.tcl
close_sim
launch_simulation
source multi_tb.tcl
close_sim
launch_simulation
source multi_tb.tcl
close_sim
launch_simulation
source multi_tb.tcl
close_sim
launch_simulation
source multi_tb.tcl
close_sim
launch_simulation
source multi_tb.tcl
close_sim
launch_simulation
launch_simulation
reset_run synth_1
launch_runs synth_1 -jobs 4
wait_on_run synth_1
launch_simulation
source multi_tb.tcl
close_sim
launch_simulation
source multi_tb.tcl
close_sim
launch_simulation
source multi_tb.tcl
close_sim
launch_simulation
source multi_tb.tcl
close_sim
launch_simulation
source multi_tb.tcl
close_sim
launch_simulation
source multi_tb.tcl
close_sim
launch_simulation
source multi_tb.tcl
close_sim
launch_simulation
source multi_tb.tcl
close_sim
launch_simulation
source multi_tb.tcl
close_sim
launch_simulation
source multi_tb.tcl
close_sim
launch_simulation
source multi_tb.tcl
close_sim
launch_simulation
source multi_tb.tcl
close_sim
launch_simulation
source multi_tb.tcl
close_sim
launch_simulation
source multi_tb.tcl
close_sim
launch_simulation
source multi_tb.tcl
close_sim
launch_simulation
source multi_tb.tcl
close_sim
launch_simulation
source multi_tb.tcl
close_sim
launch_simulation
source multi_tb.tcl
close_sim
launch_simulation
source multi_tb.tcl
close_sim
launch_simulation
source multi_tb.tcl
close_sim
launch_simulation
source multi_tb.tcl
close_sim
launch_simulation
source multi_tb.tcl
close_sim
launch_simulation
source multi_tb.tcl
close_sim
launch_simulation
source multi_tb.tcl
close_sim
launch_simulation
source multi_tb.tcl
close_sim
launch_simulation
source multi_tb.tcl
close_sim
launch_simulation
source multi_tb.tcl
close_sim
launch_simulation
source multi_tb.tcl
close_sim
launch_simulation
source multi_tb.tcl
close_sim
launch_simulation
source multi_tb.tcl
close_sim
launch_simulation
source multi_tb.tcl
close_sim
launch_simulation
source multi_tb.tcl
close_sim
launch_simulation
source multi_tb.tcl
close_sim
launch_simulation
source multi_tb.tcl
close_sim
launch_simulation
source multi_tb.tcl
close_sim
launch_simulation
source multi_tb.tcl
close_sim
launch_simulation
source multi_tb.tcl
close_sim
launch_simulation
source multi_tb.tcl
close_sim
launch_simulation
source multi_tb.tcl
close_sim
launch_simulation
source multi_tb.tcl
close_sim
launch_simulation
source multi_tb.tcl
close_sim
launch_simulation
source multi_tb.tcl
close_sim
launch_simulation
source multi_tb.tcl
close_sim
launch_simulation
source multi_tb.tcl
close_sim
launch_simulation
source multi_tb.tcl
close_sim
launch_simulation
source multi_tb.tcl
close_sim
launch_simulation
source multi_tb.tcl
save_project_as {Lab02 AlmostDone} {C:/Users/leexu/Desktop/Lab02 Part2/Lab02 AlmostDone} -force
